// Jest Snapshot v1, https://goo.gl/fbAQLP

exports[`Nav should render the nav bar correctly 1`] = `
Object {
  "asFragment": [Function],
  "baseElement": <body>
    <div>
      <nav
        class="p-1 sticky top-0 z-10 backdrop-filter backdrop-blur-lg bg-opacity-30 border-b border-gray-200 bg-white dark:bg-gray-800 dark:border-gray-700"
      >
        <div
          class="bg-transparent container flex flex-wrap items-center justify-between ml-2"
        >
          <button
            aria-controls="navbar-default"
            aria-expanded="false"
            class="inline-flex items-center p-2 ml-3 text-sm text-gray-500 rounded-lg md:hidden hover:bg-gray-100 focus:outline-none focus:ring-2 focus:ring-gray-200 dark:text-gray-400 dark:hover:bg-gray-700 dark:focus:ring-gray-600"
            data-collapse-toggle="navbar-default"
            type="button"
          >
            <span
              class="sr-only"
            >
              Open main menu
            </span>
            <svg
              aria-hidden="true"
              class="w-6 h-6"
              fill="currentColor"
              viewBox="0 0 20 20"
              xmlns="http://www.w3.org/2000/svg"
            >
              <path
                clip-rule="evenodd"
                d="M3 5a1 1 0 011-1h12a1 1 0 110 2H4a1 1 0 01-1-1zM3 10a1 1 0 011-1h12a1 1 0 110 2H4a1 1 0 01-1-1zM3 15a1 1 0 011-1h12a1 1 0 110 2H4a1 1 0 01-1-1z"
                fill-rule="evenodd"
              />
            </svg>
          </button>
          <div
            class="hidden w-full md:block md:w-auto"
            id="navbar-default"
          >
            <ul
              class="flex flex-col items-center p-3 mt-4 border rounded-lg bg-transparent md:flex-row md:space-x-8 md:mt-0 md:text-sm md:font-medium md:border-0  dark:bg-gray-800 md:dark:bg-gray-900 dark:border-gray-700"
            >
              <li
                class="block"
              >
                <img
                  class="w-10"
                  src="profile.png"
                />
              </li>
              <li>
                <a
                  aria-current="page"
                  class="block py-2 pl-3 pr-4 text-gray-700 rounded hover:bg-gray-100 md:hover:bg-transparent md:border-0 md:hover:text-blue-700 md:p-0 dark:text-gray-400 md:dark:hover:text-white dark:hover:bg-gray-700 dark:hover:text-white md:dark:hover:bg-transparent"
                  href="/"
                >
                  Home
                </a>
              </li>
              <li>
                <a
                  class="block py-2 pl-3 pr-4 text-gray-700 rounded hover:bg-gray-100 md:hover:bg-transparent md:border-0 md:hover:text-blue-700 md:p-0 dark:text-gray-400 md:dark:hover:text-white dark:hover:bg-gray-700 dark:hover:text-white md:dark:hover:bg-transparent"
                  href="/add"
                >
                  New Question
                </a>
              </li>
              <li>
                <a
                  class="block py-2 pl-3 pr-4 text-gray-700 rounded hover:bg-gray-100 md:hover:bg-transparent md:border-0 md:hover:text-blue-700 md:p-0 dark:text-gray-400 md:dark:hover:text-white dark:hover:bg-gray-700 dark:hover:text-white md:dark:hover:bg-transparent"
                  href="/leaderboard"
                >
                  Leaderboard
                </a>
              </li>
              <li
                class=" position: absolute right-16"
              />
            </ul>
          </div>
        </div>
      </nav>
    </div>
  </body>,
  "container": <div>
    <nav
      class="p-1 sticky top-0 z-10 backdrop-filter backdrop-blur-lg bg-opacity-30 border-b border-gray-200 bg-white dark:bg-gray-800 dark:border-gray-700"
    >
      <div
        class="bg-transparent container flex flex-wrap items-center justify-between ml-2"
      >
        <button
          aria-controls="navbar-default"
          aria-expanded="false"
          class="inline-flex items-center p-2 ml-3 text-sm text-gray-500 rounded-lg md:hidden hover:bg-gray-100 focus:outline-none focus:ring-2 focus:ring-gray-200 dark:text-gray-400 dark:hover:bg-gray-700 dark:focus:ring-gray-600"
          data-collapse-toggle="navbar-default"
          type="button"
        >
          <span
            class="sr-only"
          >
            Open main menu
          </span>
          <svg
            aria-hidden="true"
            class="w-6 h-6"
            fill="currentColor"
            viewBox="0 0 20 20"
            xmlns="http://www.w3.org/2000/svg"
          >
            <path
              clip-rule="evenodd"
              d="M3 5a1 1 0 011-1h12a1 1 0 110 2H4a1 1 0 01-1-1zM3 10a1 1 0 011-1h12a1 1 0 110 2H4a1 1 0 01-1-1zM3 15a1 1 0 011-1h12a1 1 0 110 2H4a1 1 0 01-1-1z"
              fill-rule="evenodd"
            />
          </svg>
        </button>
        <div
          class="hidden w-full md:block md:w-auto"
          id="navbar-default"
        >
          <ul
            class="flex flex-col items-center p-3 mt-4 border rounded-lg bg-transparent md:flex-row md:space-x-8 md:mt-0 md:text-sm md:font-medium md:border-0  dark:bg-gray-800 md:dark:bg-gray-900 dark:border-gray-700"
          >
            <li
              class="block"
            >
              <img
                class="w-10"
                src="profile.png"
              />
            </li>
            <li>
              <a
                aria-current="page"
                class="block py-2 pl-3 pr-4 text-gray-700 rounded hover:bg-gray-100 md:hover:bg-transparent md:border-0 md:hover:text-blue-700 md:p-0 dark:text-gray-400 md:dark:hover:text-white dark:hover:bg-gray-700 dark:hover:text-white md:dark:hover:bg-transparent"
                href="/"
              >
                Home
              </a>
            </li>
            <li>
              <a
                class="block py-2 pl-3 pr-4 text-gray-700 rounded hover:bg-gray-100 md:hover:bg-transparent md:border-0 md:hover:text-blue-700 md:p-0 dark:text-gray-400 md:dark:hover:text-white dark:hover:bg-gray-700 dark:hover:text-white md:dark:hover:bg-transparent"
                href="/add"
              >
                New Question
              </a>
            </li>
            <li>
              <a
                class="block py-2 pl-3 pr-4 text-gray-700 rounded hover:bg-gray-100 md:hover:bg-transparent md:border-0 md:hover:text-blue-700 md:p-0 dark:text-gray-400 md:dark:hover:text-white dark:hover:bg-gray-700 dark:hover:text-white md:dark:hover:bg-transparent"
                href="/leaderboard"
              >
                Leaderboard
              </a>
            </li>
            <li
              class=" position: absolute right-16"
            />
          </ul>
        </div>
      </div>
    </nav>
  </div>,
  "debug": [Function],
  "findAllByAltText": [Function],
  "findAllByDisplayValue": [Function],
  "findAllByLabelText": [Function],
  "findAllByPlaceholderText": [Function],
  "findAllByRole": [Function],
  "findAllByTestId": [Function],
  "findAllByText": [Function],
  "findAllByTitle": [Function],
  "findByAltText": [Function],
  "findByDisplayValue": [Function],
  "findByLabelText": [Function],
  "findByPlaceholderText": [Function],
  "findByRole": [Function],
  "findByTestId": [Function],
  "findByText": [Function],
  "findByTitle": [Function],
  "getAllByAltText": [Function],
  "getAllByDisplayValue": [Function],
  "getAllByLabelText": [Function],
  "getAllByPlaceholderText": [Function],
  "getAllByRole": [Function],
  "getAllByTestId": [Function],
  "getAllByText": [Function],
  "getAllByTitle": [Function],
  "getByAltText": [Function],
  "getByDisplayValue": [Function],
  "getByLabelText": [Function],
  "getByPlaceholderText": [Function],
  "getByRole": [Function],
  "getByTestId": [Function],
  "getByText": [Function],
  "getByTitle": [Function],
  "queryAllByAltText": [Function],
  "queryAllByDisplayValue": [Function],
  "queryAllByLabelText": [Function],
  "queryAllByPlaceholderText": [Function],
  "queryAllByRole": [Function],
  "queryAllByTestId": [Function],
  "queryAllByText": [Function],
  "queryAllByTitle": [Function],
  "queryByAltText": [Function],
  "queryByDisplayValue": [Function],
  "queryByLabelText": [Function],
  "queryByPlaceholderText": [Function],
  "queryByRole": [Function],
  "queryByTestId": [Function],
  "queryByText": [Function],
  "queryByTitle": [Function],
  "rerender": [Function],
  "unmount": [Function],
}
`;
